c:\users\devkaan\desktop\wayking\wayk\src_remaded\internal\project\x64\release\vc145.pdb
c:\users\devkaan\desktop\wayking\wayk\src_remaded\internal\project\x64\release\hooks.obj
c:\users\devkaan\desktop\wayking\wayk\src_remaded\internal\project\x64\release\functions.obj
c:\users\devkaan\desktop\wayking\wayk\src_remaded\internal\project\x64\release\entry.obj
c:\users\devkaan\desktop\wayking\wayk\src_remaded\internal\x64\release\gooo\ellamae.dll
c:\users\devkaan\desktop\wayking\wayk\src_remaded\internal\x64\release\gooo\ellamae.pdb
c:\users\devkaan\desktop\wayking\wayk\src_remaded\internal\project\x64\release\manualmap.obj
c:\users\devkaan\desktop\wayking\wayk\src_remaded\internal\project\x64\release\memory.obj
c:\users\devkaan\desktop\wayking\wayk\src_remaded\internal\project\x64\release\hook.obj
c:\users\devkaan\desktop\wayking\wayk\src_remaded\internal\project\x64\release\ret.obj
c:\users\devkaan\desktop\wayking\wayk\src_remaded\internal\project\x64\release\nigga.res
c:\users\devkaan\desktop\wayking\wayk\src_remaded\internal\x64\release\gooo\ellamae.lib
c:\users\devkaan\desktop\wayking\wayk\src_remaded\internal\x64\release\gooo\ellamae.exp
c:\users\devkaan\desktop\wayking\wayk\src_remaded\internal\project\x64\release\project_internal.tlog\cl.command.1.tlog
c:\users\devkaan\desktop\wayking\wayk\src_remaded\internal\project\x64\release\project_internal.tlog\cl.items.tlog
c:\users\devkaan\desktop\wayking\wayk\src_remaded\internal\project\x64\release\project_internal.tlog\cl.read.1.tlog
c:\users\devkaan\desktop\wayking\wayk\src_remaded\internal\project\x64\release\project_internal.tlog\cl.write.1.tlog
c:\users\devkaan\desktop\wayking\wayk\src_remaded\internal\project\x64\release\project_internal.tlog\link.command.1.tlog
c:\users\devkaan\desktop\wayking\wayk\src_remaded\internal\project\x64\release\project_internal.tlog\link.read.1.tlog
c:\users\devkaan\desktop\wayking\wayk\src_remaded\internal\project\x64\release\project_internal.tlog\link.secondary.1.tlog
c:\users\devkaan\desktop\wayking\wayk\src_remaded\internal\project\x64\release\project_internal.tlog\link.write.1.tlog
c:\users\devkaan\desktop\wayking\wayk\src_remaded\internal\project\x64\release\project_internal.tlog\masm.read.1u.tlog
c:\users\devkaan\desktop\wayking\wayk\src_remaded\internal\project\x64\release\project_internal.tlog\masm.write.1u.tlog
c:\users\devkaan\desktop\wayking\wayk\src_remaded\internal\project\x64\release\project_internal.tlog\rc.command.1.tlog
c:\users\devkaan\desktop\wayking\wayk\src_remaded\internal\project\x64\release\project_internal.tlog\rc.read.1.tlog
c:\users\devkaan\desktop\wayking\wayk\src_remaded\internal\project\x64\release\project_internal.tlog\rc.write.1.tlog
